../Drivers/STM32WBxx_HAL_Driver/Inc/stm32wbxx_ll_rcc.h:2883:22:LL_RCC_EnableRTC	4	static
../Drivers/STM32WBxx_HAL_Driver/Inc/stm32wbxx_ll_rcc.h:2893:22:LL_RCC_DisableRTC	4	static
../Drivers/STM32WBxx_HAL_Driver/Inc/stm32wbxx_ll_bus.h:364:22:LL_AHB1_GRP1_EnableClock	24	static
../Drivers/STM32WBxx_HAL_Driver/Inc/stm32wbxx_ll_bus.h:410:22:LL_AHB1_GRP1_DisableClock	16	static
../Drivers/STM32WBxx_HAL_Driver/Inc/stm32wbxx_ll_bus.h:539:22:LL_AHB2_GRP1_EnableClock	24	static
../Drivers/STM32WBxx_HAL_Driver/Inc/stm32wbxx_ll_bus.h:597:22:LL_AHB2_GRP1_DisableClock	16	static
../Drivers/STM32WBxx_HAL_Driver/Inc/stm32wbxx_ll_bus.h:744:22:LL_AHB3_GRP1_EnableClock	24	static
../Drivers/STM32WBxx_HAL_Driver/Inc/stm32wbxx_ll_bus.h:798:22:LL_AHB3_GRP1_DisableClock	16	static
../Drivers/STM32WBxx_HAL_Driver/Inc/stm32wbxx_ll_bus.h:939:22:LL_APB1_GRP1_EnableClock	24	static
../Drivers/STM32WBxx_HAL_Driver/Inc/stm32wbxx_ll_bus.h:958:22:LL_APB1_GRP2_EnableClock	24	static
../Drivers/STM32WBxx_HAL_Driver/Inc/stm32wbxx_ll_bus.h:1038:22:LL_APB1_GRP1_DisableClock	16	static
../Drivers/STM32WBxx_HAL_Driver/Inc/stm32wbxx_ll_bus.h:1053:22:LL_APB1_GRP2_DisableClock	16	static
../Drivers/STM32WBxx_HAL_Driver/Inc/stm32wbxx_ll_bus.h:1274:22:LL_APB2_GRP1_EnableClock	24	static
../Drivers/STM32WBxx_HAL_Driver/Inc/stm32wbxx_ll_bus.h:1328:22:LL_APB2_GRP1_DisableClock	16	static
../Core/Src/stm32wbxx_hal_msp.c:66:6:HAL_MspInit	8	static
../Core/Src/stm32wbxx_hal_msp.c:95:6:HAL_ADC_MspInit	40	static
../Core/Src/stm32wbxx_hal_msp.c:159:6:HAL_ADC_MspDeInit	16	static
../Core/Src/stm32wbxx_hal_msp.c:197:6:HAL_CRC_MspInit	16	static
../Core/Src/stm32wbxx_hal_msp.c:220:6:HAL_CRC_MspDeInit	16	static
../Core/Src/stm32wbxx_hal_msp.c:242:6:HAL_I2C_MspInit	120	static
../Core/Src/stm32wbxx_hal_msp.c:297:6:HAL_SMBUS_MspInit	120	static
../Core/Src/stm32wbxx_hal_msp.c:344:6:HAL_I2C_MspDeInit	16	static
../Core/Src/stm32wbxx_hal_msp.c:375:6:HAL_SMBUS_MspDeInit	16	static
../Core/Src/stm32wbxx_hal_msp.c:406:6:HAL_LPTIM_MspInit	96	static
../Core/Src/stm32wbxx_hal_msp.c:460:6:HAL_LPTIM_MspDeInit	16	static
../Core/Src/stm32wbxx_hal_msp.c:493:6:HAL_UART_MspInit	120	static
../Core/Src/stm32wbxx_hal_msp.c:620:6:HAL_UART_MspDeInit	16	static
../Core/Src/stm32wbxx_hal_msp.c:678:6:HAL_QSPI_MspInit	40	static
../Core/Src/stm32wbxx_hal_msp.c:735:6:HAL_QSPI_MspDeInit	16	static
../Core/Src/stm32wbxx_hal_msp.c:772:6:HAL_RTC_MspInit	96	static
../Core/Src/stm32wbxx_hal_msp.c:814:6:HAL_RTC_MspDeInit	16	static
../Core/Src/stm32wbxx_hal_msp.c:840:6:HAL_SPI_MspInit	40	static
../Core/Src/stm32wbxx_hal_msp.c:920:6:HAL_SPI_MspDeInit	16	static
../Core/Src/stm32wbxx_hal_msp.c:975:6:HAL_TIM_Base_MspInit	40	static
../Core/Src/stm32wbxx_hal_msp.c:1059:6:HAL_TIM_Base_MspDeInit	16	static
../Core/Src/stm32wbxx_hal_msp.c:1122:6:HAL_PCD_MspInit	40	static
../Core/Src/stm32wbxx_hal_msp.c:1159:6:HAL_PCD_MspDeInit	16	static
../Core/Src/stm32wbxx_hal_msp.c:1188:6:HAL_WWDG_MspInit	16	static
